// Vitest Snapshot v1, https://vitest.dev/guide/snapshot.html

exports[`App Detail Deployments page > should render deployments with proper fallbacks 1`] = `
<div>
  <div
    class="flex flex-col"
  >
    <div
      class="flex gap-4 flex-col "
    >
      <div>
        <div
          class=""
        >
          <div
            class="cursor-pointer w-fit"
          >
            <button
              class="w-fit flex items-center justify-center px-4 py-2 text-base font-medium border border-transparent shadow-sm font-bold text-black bg-gradient-to-r from-yellow-400 to-yellow-500 hover:no-underline hover:from-yellow hover:to-yellow focus:from-orange-400 focus:to-orange-400 focus:outline-none focus:ring-2 focus:ring-offset-2 focus:ring-yellow-500 disabled:from-orange-200 disabled:to-orange-200 disabled:text-black-300 disabled:cursor-not-allowed rounded-md opacity-50"
              disabled=""
              type="button"
            >
              Deployment Monitor
            </button>
          </div>
        </div>
      </div>
      <div
        class="overflow-x-scroll w-full shadow ring-1 ring-black ring-opacity-5 rounded-lg"
      >
        <div
          class="min-w-[600px]"
        >
          <table
            class="table-auto w-full divide-y divide-gray-300"
          >
            <thead
              class="bg-gray-50"
            >
              <tr>
                <td
                  class="text-sm text-gray-500 pl-4 py-3 break-words text-left"
                  colspan="1"
                >
                  ID
                </td>
                <td
                  class="text-sm text-gray-500 pl-4 py-3 break-words text-left"
                  colspan="1"
                >
                  Status
                </td>
                <td
                  class="text-sm text-gray-500 pl-4 py-3 break-words text-left"
                  colspan="1"
                >
                  Source
                </td>
                <td
                  class="text-sm text-gray-500 pl-4 py-3 break-words text-left"
                  colspan="1"
                >
                  Git Ref
                </td>
                <td
                  class="text-sm text-gray-500 pl-4 py-3 break-words text-left"
                  colspan="1"
                >
                  Commit Message
                </td>
                <td
                  class="text-sm text-gray-500 pl-4 py-3 break-words text-left"
                  colspan="1"
                >
                  Docker Image
                </td>
                <td
                  class="text-sm text-gray-500 pl-4 py-3 break-words text-left"
                  colspan="1"
                >
                  Date
                </td>
                <td
                  class="text-sm text-gray-500 pl-4 py-3 break-words text-right pr-4 flex gap-2 justify-end"
                  colspan="1"
                >
                  Actions
                </td>
              </tr>
            </thead>
            <tbody
              class="divide-y divide-gray-200 bg-white"
            >
              <tr
                class="group hover:bg-gray-50 "
              >
                <td
                  class="text-sm text-gray-500 pl-4 py-3 break-words text-left"
                  colspan="1"
                >
                  <a
                    class="text-black group-hover:text-indigo hover:text-indigo"
                    data-discover="true"
                    href="/deployments/1"
                  >
                    1
                  </a>
                </td>
                <td
                  class="text-sm text-gray-500 pl-4 py-3 break-words text-left"
                  colspan="1"
                >
                  <span
                    class="font-semibold text-red"
                  >
                    FAILED
                  </span>
                </td>
                <td
                  class="text-sm text-gray-500 pl-4 py-3 break-words text-left"
                  colspan="1"
                >
                  <div
                    class="flex items-center gap-1"
                  >
                    <em>
                      Not Provided
                    </em>
                    <div
                      class=""
                    >
                      <div
                        class="cursor-pointer w-fit"
                      >
                        <svg
                          class="opacity-50 hover:opacity-100"
                          fill="none"
                          height="16"
                          stroke="#111920"
                          stroke-linecap="round"
                          stroke-linejoin="round"
                          stroke-width="2"
                          viewBox="0 0 24 24"
                          width="16"
                          xmlns="http://www.w3.org/2000/svg"
                        >
                          <title>
                            Info
                          </title>
                          <circle
                            cx="12"
                            cy="12"
                            r="10"
                          />
                          <line
                            x1="12"
                            x2="12"
                            y1="16"
                            y2="12"
                          />
                          <line
                            x1="12"
                            x2="12.01"
                            y1="8"
                            y2="8"
                          />
                        </svg>
                      </div>
                    </div>
                  </div>
                </td>
                <td
                  class="text-sm text-gray-500 pl-4 py-3 break-words text-left"
                  colspan="1"
                >
                  <em>
                    Not Provided
                  </em>
                </td>
                <td
                  class="text-sm text-gray-500 pl-4 py-3 break-words text-left"
                  colspan="1"
                >
                  <em>
                    Not Provided
                  </em>
                </td>
                <td
                  class="text-sm text-gray-500 pl-4 py-3 break-words text-left"
                  colspan="1"
                >
                  <em>
                    Unknown
                  </em>
                </td>
                <td
                  class="text-sm text-gray-500 pl-4 py-3 break-words text-left"
                  colspan="1"
                >
                  2023-12-17 00:00:00 UTC
                </td>
                <td
                  class="text-sm text-gray-500 pl-4 py-3 break-words text-right pr-4 flex gap-2 justify-end"
                  colspan="1"
                >
                  <a
                    class="flex items-center justify-center px-3 py-2 text-sm leading-4 font-medium border border-transparent shadow-sm font-bold text-black bg-gradient-to-r from-yellow-400 to-yellow-500 hover:no-underline hover:from-yellow hover:to-yellow focus:from-orange-400 focus:to-orange-400 focus:outline-none focus:ring-2 focus:ring-offset-2 focus:ring-yellow-500 disabled:from-orange-200 disabled:to-orange-200 disabled:text-black-300 disabled:cursor-not-allowed rounded-md hover:no-underline cursor-pointer w-15"
                    data-discover="true"
                    href="/deployments/1"
                  >
                    View
                  </a>
                </td>
              </tr>
              <tr
                class="group hover:bg-gray-50 "
              >
                <td
                  class="text-sm text-gray-500 pl-4 py-3 break-words text-left"
                  colspan="1"
                >
                  <a
                    class="text-black group-hover:text-indigo hover:text-indigo"
                    data-discover="true"
                    href="/deployments/2"
                  >
                    2
                  </a>
                </td>
                <td
                  class="text-sm text-gray-500 pl-4 py-3 break-words text-left"
                  colspan="1"
                >
                  <span
                    class="font-semibold text-forest"
                  >
                    DONE
                  </span>
                </td>
                <td
                  class="text-sm text-gray-500 pl-4 py-3 break-words text-left"
                  colspan="1"
                >
                  <div
                    class="flex items-center gap-1"
                  >
                    <em>
                      Not Provided
                    </em>
                    <div
                      class=""
                    >
                      <div
                        class="cursor-pointer w-fit"
                      >
                        <svg
                          class="opacity-50 hover:opacity-100"
                          fill="none"
                          height="16"
                          stroke="#111920"
                          stroke-linecap="round"
                          stroke-linejoin="round"
                          stroke-width="2"
                          viewBox="0 0 24 24"
                          width="16"
                          xmlns="http://www.w3.org/2000/svg"
                        >
                          <title>
                            Info
                          </title>
                          <circle
                            cx="12"
                            cy="12"
                            r="10"
                          />
                          <line
                            x1="12"
                            x2="12"
                            y1="16"
                            y2="12"
                          />
                          <line
                            x1="12"
                            x2="12.01"
                            y1="8"
                            y2="8"
                          />
                        </svg>
                      </div>
                    </div>
                  </div>
                </td>
                <td
                  class="text-sm text-gray-500 pl-4 py-3 break-words text-left"
                  colspan="1"
                >
                  <div
                    class="inline-block whitespace-nowrap undefined"
                  >
                    <code
                      class=" bg-gray-200 font-mono text-black pt-0.5 pb-1 px-1.5 rounded-md text-[0.9rem]"
                    >
                      v3
                    </code>
                     @ 
                    <code
                      class="whitespace-nowrap bg-gray-200 font-mono text-black pt-0.5 pb-1 px-1.5 rounded-md text-[0.9rem]"
                    >
                      <a
                        class=" "
                        href="https://github.com/aptible/app-ui/commit/a947a95a92e7a7a4db7fe01c28346281c128b859"
                        rel="noreferrer"
                        target="_blank"
                      >
                        <svg
                          class="inline mr-1"
                          fill="none"
                          height="16"
                          stroke="#595E63"
                          stroke-linecap="round"
                          stroke-linejoin="round"
                          stroke-width="2"
                          viewBox="0 0 24 24"
                          width="16"
                          xmlns="http://www.w3.org/2000/svg"
                        >
                          <title>
                            Commit
                          </title>
                          <path
                            d="M12 16C14.2091 16 16 14.2091 16 12C16 9.79086 14.2091 8 12 8C9.79086 8 8 9.79086 8 12C8 14.2091 9.79086 16 12 16Z"
                            stroke-linecap="round"
                            stroke-linejoin="round"
                            stroke-width="1.5"
                          />
                          <path
                            d="M1.05 12H7"
                            stroke-linecap="round"
                            stroke-linejoin="round"
                            stroke-width="1.5"
                          />
                          <path
                            d="M17.01 12H22.96"
                            stroke-linecap="round"
                            stroke-linejoin="round"
                            stroke-width="1.5"
                          />
                        </svg>
                        a947a95
                      </a>
                    </code>
                  </div>
                </td>
                <td
                  class="text-sm text-gray-500 pl-4 py-3 break-words text-left"
                  colspan="1"
                >
                  <div
                    class="inline-block"
                  >
                    <div
                      class=""
                    >
                      <div
                        class="cursor-pointer w-fit"
                      >
                        <p
                          class="leading-8 text-ellipsis whitespace-nowrap max-w-[30ch] overflow-hidden inline-block"
                        >
                          fix(backup): pass page to fetch request (#754)
                        </p>
                      </div>
                    </div>
                  </div>
                </td>
                <td
                  class="text-sm text-gray-500 pl-4 py-3 break-words text-left"
                  colspan="1"
                >
                  <div
                    class="inline-block"
                  >
                    <code
                      class=" bg-gray-200 font-mono text-black pt-0.5 pb-1 px-1.5 rounded-md text-[0.9rem]"
                    >
                      <a
                        class=" "
                        href="https://quay.io/repositories/aptible/cloud-ui"
                        rel="noreferrer"
                        target="_blank"
                      >
                        quay.io/aptible/cloud-ui:v200
                      </a>
                    </code>
                  </div>
                </td>
                <td
                  class="text-sm text-gray-500 pl-4 py-3 break-words text-left"
                  colspan="1"
                >
                  2023-12-17 00:00:00 UTC
                </td>
                <td
                  class="text-sm text-gray-500 pl-4 py-3 break-words text-right pr-4 flex gap-2 justify-end"
                  colspan="1"
                >
                  <a
                    class="flex items-center justify-center px-3 py-2 text-sm leading-4 font-medium border border-transparent shadow-sm font-bold text-black bg-gradient-to-r from-yellow-400 to-yellow-500 hover:no-underline hover:from-yellow hover:to-yellow focus:from-orange-400 focus:to-orange-400 focus:outline-none focus:ring-2 focus:ring-offset-2 focus:ring-yellow-500 disabled:from-orange-200 disabled:to-orange-200 disabled:text-black-300 disabled:cursor-not-allowed rounded-md hover:no-underline cursor-pointer w-15"
                    data-discover="true"
                    href="/deployments/2"
                  >
                    View
                  </a>
                </td>
              </tr>
              <tr
                class="group hover:bg-gray-50 "
              >
                <td
                  class="text-sm text-gray-500 pl-4 py-3 break-words text-left"
                  colspan="1"
                >
                  <a
                    class="text-black group-hover:text-indigo hover:text-indigo"
                    data-discover="true"
                    href="/deployments/3"
                  >
                    3
                  </a>
                </td>
                <td
                  class="text-sm text-gray-500 pl-4 py-3 break-words text-left"
                  colspan="1"
                >
                  <span
                    class="font-semibold text-black"
                  >
                    PENDING
                  </span>
                </td>
                <td
                  class="text-sm text-gray-500 pl-4 py-3 break-words text-left"
                  colspan="1"
                >
                  <div
                    class="flex items-center gap-1"
                  >
                    <em>
                      Not Provided
                    </em>
                    <div
                      class=""
                    >
                      <div
                        class="cursor-pointer w-fit"
                      >
                        <svg
                          class="opacity-50 hover:opacity-100"
                          fill="none"
                          height="16"
                          stroke="#111920"
                          stroke-linecap="round"
                          stroke-linejoin="round"
                          stroke-width="2"
                          viewBox="0 0 24 24"
                          width="16"
                          xmlns="http://www.w3.org/2000/svg"
                        >
                          <title>
                            Info
                          </title>
                          <circle
                            cx="12"
                            cy="12"
                            r="10"
                          />
                          <line
                            x1="12"
                            x2="12"
                            y1="16"
                            y2="12"
                          />
                          <line
                            x1="12"
                            x2="12.01"
                            y1="8"
                            y2="8"
                          />
                        </svg>
                      </div>
                    </div>
                  </div>
                </td>
                <td
                  class="text-sm text-gray-500 pl-4 py-3 break-words text-left"
                  colspan="1"
                >
                  <div
                    class="inline-block whitespace-nowrap undefined"
                  >
                    <code
                      class=" bg-gray-200 font-mono text-black pt-0.5 pb-1 px-1.5 rounded-md text-[0.9rem]"
                    >
                      v3
                    </code>
                     @ 
                    <code
                      class="whitespace-nowrap bg-gray-200 font-mono text-black pt-0.5 pb-1 px-1.5 rounded-md text-[0.9rem]"
                    >
                      <a
                        class=" "
                        href="https://github.com/aptible/app-ui/commit/a947a95a92e7a7a4db7fe01c28346281c128b859"
                        rel="noreferrer"
                        target="_blank"
                      >
                        <svg
                          class="inline mr-1"
                          fill="none"
                          height="16"
                          stroke="#595E63"
                          stroke-linecap="round"
                          stroke-linejoin="round"
                          stroke-width="2"
                          viewBox="0 0 24 24"
                          width="16"
                          xmlns="http://www.w3.org/2000/svg"
                        >
                          <title>
                            Commit
                          </title>
                          <path
                            d="M12 16C14.2091 16 16 14.2091 16 12C16 9.79086 14.2091 8 12 8C9.79086 8 8 9.79086 8 12C8 14.2091 9.79086 16 12 16Z"
                            stroke-linecap="round"
                            stroke-linejoin="round"
                            stroke-width="1.5"
                          />
                          <path
                            d="M1.05 12H7"
                            stroke-linecap="round"
                            stroke-linejoin="round"
                            stroke-width="1.5"
                          />
                          <path
                            d="M17.01 12H22.96"
                            stroke-linecap="round"
                            stroke-linejoin="round"
                            stroke-width="1.5"
                          />
                        </svg>
                        a947a95
                      </a>
                    </code>
                  </div>
                </td>
                <td
                  class="text-sm text-gray-500 pl-4 py-3 break-words text-left"
                  colspan="1"
                >
                  <div
                    class="inline-block"
                  >
                    <div
                      class=""
                    >
                      <div
                        class="cursor-pointer w-fit"
                      >
                        <p
                          class="leading-8 text-ellipsis whitespace-nowrap max-w-[30ch] overflow-hidden inline-block"
                        >
                          fix(backup): pass page to fetch request (#754)
                        </p>
                      </div>
                    </div>
                  </div>
                </td>
                <td
                  class="text-sm text-gray-500 pl-4 py-3 break-words text-left"
                  colspan="1"
                >
                  <em>
                    Unknown
                  </em>
                </td>
                <td
                  class="text-sm text-gray-500 pl-4 py-3 break-words text-left"
                  colspan="1"
                >
                  2023-12-17 00:00:00 UTC
                </td>
                <td
                  class="text-sm text-gray-500 pl-4 py-3 break-words text-right pr-4 flex gap-2 justify-end"
                  colspan="1"
                >
                  <a
                    class="flex items-center justify-center px-3 py-2 text-sm leading-4 font-medium border border-transparent shadow-sm font-bold text-black bg-gradient-to-r from-yellow-400 to-yellow-500 hover:no-underline hover:from-yellow hover:to-yellow focus:from-orange-400 focus:to-orange-400 focus:outline-none focus:ring-2 focus:ring-offset-2 focus:ring-yellow-500 disabled:from-orange-200 disabled:to-orange-200 disabled:text-black-300 disabled:cursor-not-allowed rounded-md hover:no-underline cursor-pointer w-15"
                    data-discover="true"
                    href="/deployments/3"
                  >
                    View
                  </a>
                </td>
              </tr>
            </tbody>
          </table>
        </div>
      </div>
    </div>
  </div>
</div>
`;
