// Vitest Snapshot v1, https://vitest.dev/guide/snapshot.html

exports[`App Detail Deployments page > should render deployments with proper fallbacks 1`] = `
<div>
  <div
    class="flex flex-col"
  >
    <div
      class="overflow-x-scroll w-full shadow ring-1 ring-black ring-opacity-5 rounded-lg"
    >
      <div
        class="min-w-[600px]"
      >
        <table
          class="table-auto w-full divide-y divide-gray-300"
        >
          <thead
            class="bg-gray-50"
          >
            <tr>
              <td
                class="text-sm text-gray-500 pl-4 py-3 break-words text-left"
                colspan="1"
              >
                ID
              </td>
              <td
                class="text-sm text-gray-500 pl-4 py-3 break-words text-left"
                colspan="1"
              >
                Status
              </td>
              <td
                class="text-sm text-gray-500 pl-4 py-3 break-words text-left"
                colspan="1"
              >
                Source
              </td>
              <td
                class="text-sm text-gray-500 pl-4 py-3 break-words text-left"
                colspan="1"
              >
                Tag
              </td>
              <td
                class="text-sm text-gray-500 pl-4 py-3 break-words text-left"
                colspan="1"
              >
                Commit
              </td>
              <td
                class="text-sm text-gray-500 pl-4 py-3 break-words text-left"
                colspan="1"
              >
                Message
              </td>
              <td
                class="text-sm text-gray-500 pl-4 py-3 break-words text-left"
                colspan="1"
              >
                Date
              </td>
              <td
                class="text-sm text-gray-500 pl-4 py-3 break-words text-right pr-4 flex gap-2 justify-end"
                colspan="1"
              >
                Actions
              </td>
            </tr>
          </thead>
          <tbody
            class="divide-y divide-gray-200 bg-white"
          >
            <tr
              class="group hover:bg-gray-50 "
            >
              <td
                class="text-sm text-gray-500 pl-4 py-3 break-words text-left"
                colspan="1"
              >
                <a
                  class="text-black group-hover:text-indigo hover:text-indigo"
                  href="/deployments/1"
                >
                  1
                </a>
              </td>
              <td
                class="text-sm text-gray-500 pl-4 py-3 break-words text-left"
                colspan="1"
              >
                <span
                  class="font-semibold text-red"
                >
                  FAILED
                </span>
              </td>
              <td
                class="text-sm text-gray-500 pl-4 py-3 break-words text-left"
                colspan="1"
              >
                Aptible Git Deployment
              </td>
              <td
                class="text-sm text-gray-500 pl-4 py-3 break-words text-left"
                colspan="1"
              />
              <td
                class="text-sm text-gray-500 pl-4 py-3 break-words text-left"
                colspan="1"
              />
              <td
                class="text-sm text-gray-500 pl-4 py-3 break-words text-left"
                colspan="1"
              >
                <span />
              </td>
              <td
                class="text-sm text-gray-500 pl-4 py-3 break-words text-left"
                colspan="1"
              >
                2023-12-17 08:24:00 UTC
              </td>
              <td
                class="text-sm text-gray-500 pl-4 py-3 break-words text-right pr-4 flex gap-2 justify-end"
                colspan="1"
              >
                <a
                  class="w-15 flex items-center justify-center px-3 py-2 text-sm leading-4 font-medium border border-transparent shadow-sm font-bold text-black bg-gradient-to-r from-yellow-400 to-yellow-500 hover:no-underline hover:from-yellow hover:to-yellow focus:from-orange-400 focus:to-orange-400 focus:outline-none focus:ring-2 focus:ring-offset-2 focus:ring-yellow-500 disabled:from-orange-200 disabled:to-orange-200 disabled:text-black-300 disabled:cursor-not-allowed rounded-md hover:no-underline cursor-pointer"
                  href="/deployments/1"
                >
                  View
                </a>
              </td>
            </tr>
            <tr
              class="group hover:bg-gray-50 "
            >
              <td
                class="text-sm text-gray-500 pl-4 py-3 break-words text-left"
                colspan="1"
              >
                <a
                  class="text-black group-hover:text-indigo hover:text-indigo"
                  href="/deployments/2"
                >
                  2
                </a>
              </td>
              <td
                class="text-sm text-gray-500 pl-4 py-3 break-words text-left"
                colspan="1"
              >
                <span
                  class="font-semibold text-forest"
                >
                  DONE
                </span>
              </td>
              <td
                class="text-sm text-gray-500 pl-4 py-3 break-words text-left"
                colspan="1"
              >
                <a
                  class=" "
                  href="https://github.com/aptible/app-ui"
                  rel="noreferrer"
                  target="_blank"
                >
                  github.com/aptible/app-ui
                </a>
              </td>
              <td
                class="text-sm text-gray-500 pl-4 py-3 break-words text-left"
                colspan="1"
              >
                <code
                  class=" bg-gray-200 font-mono text-black pt-0.5 pb-1 px-1.5 rounded-md text-[0.9rem]"
                >
                  v3
                </code>
              </td>
              <td
                class="text-sm text-gray-500 pl-4 py-3 break-words text-left"
                colspan="1"
              >
                <code
                  class=" bg-gray-200 font-mono text-black pt-0.5 pb-1 px-1.5 rounded-md text-[0.9rem]"
                >
                  <a
                    class=" "
                    href="https://github.com/aptible/app-ui/commit/a947a95a92e7a7a4db7fe01c28346281c128b859"
                    rel="noreferrer"
                    target="_blank"
                  >
                    a947a95
                  </a>
                </code>
              </td>
              <td
                class="text-sm text-gray-500 pl-4 py-3 break-words text-left"
                colspan="1"
              >
                <span>
                  fix(backup): pass page to fetch request (#754)
                </span>
              </td>
              <td
                class="text-sm text-gray-500 pl-4 py-3 break-words text-left"
                colspan="1"
              >
                2023-12-17 08:24:00 UTC
              </td>
              <td
                class="text-sm text-gray-500 pl-4 py-3 break-words text-right pr-4 flex gap-2 justify-end"
                colspan="1"
              >
                <a
                  class="w-15 flex items-center justify-center px-3 py-2 text-sm leading-4 font-medium border border-transparent shadow-sm font-bold text-black bg-gradient-to-r from-yellow-400 to-yellow-500 hover:no-underline hover:from-yellow hover:to-yellow focus:from-orange-400 focus:to-orange-400 focus:outline-none focus:ring-2 focus:ring-offset-2 focus:ring-yellow-500 disabled:from-orange-200 disabled:to-orange-200 disabled:text-black-300 disabled:cursor-not-allowed rounded-md hover:no-underline cursor-pointer"
                  href="/deployments/2"
                >
                  View
                </a>
              </td>
            </tr>
            <tr
              class="group hover:bg-gray-50 "
            >
              <td
                class="text-sm text-gray-500 pl-4 py-3 break-words text-left"
                colspan="1"
              >
                <a
                  class="text-black group-hover:text-indigo hover:text-indigo"
                  href="/deployments/3"
                >
                  3
                </a>
              </td>
              <td
                class="text-sm text-gray-500 pl-4 py-3 break-words text-left"
                colspan="1"
              >
                <span
                  class="font-semibold text-black"
                >
                  PENDING
                </span>
              </td>
              <td
                class="text-sm text-gray-500 pl-4 py-3 break-words text-left"
                colspan="1"
              >
                <a
                  class=" "
                  href="https://github.com/aptible/app-ui"
                  rel="noreferrer"
                  target="_blank"
                >
                  github.com/aptible/app-ui
                </a>
              </td>
              <td
                class="text-sm text-gray-500 pl-4 py-3 break-words text-left"
                colspan="1"
              >
                <code
                  class=" bg-gray-200 font-mono text-black pt-0.5 pb-1 px-1.5 rounded-md text-[0.9rem]"
                >
                  v3
                </code>
              </td>
              <td
                class="text-sm text-gray-500 pl-4 py-3 break-words text-left"
                colspan="1"
              >
                <code
                  class=" bg-gray-200 font-mono text-black pt-0.5 pb-1 px-1.5 rounded-md text-[0.9rem]"
                >
                  <a
                    class=" "
                    href="https://github.com/aptible/app-ui/commit/a947a95a92e7a7a4db7fe01c28346281c128b859"
                    rel="noreferrer"
                    target="_blank"
                  >
                    a947a95
                  </a>
                </code>
              </td>
              <td
                class="text-sm text-gray-500 pl-4 py-3 break-words text-left"
                colspan="1"
              >
                <span>
                  fix(backup): pass page to fetch request (#754)
                </span>
              </td>
              <td
                class="text-sm text-gray-500 pl-4 py-3 break-words text-left"
                colspan="1"
              >
                2023-12-17 08:24:00 UTC
              </td>
              <td
                class="text-sm text-gray-500 pl-4 py-3 break-words text-right pr-4 flex gap-2 justify-end"
                colspan="1"
              >
                <a
                  class="w-15 flex items-center justify-center px-3 py-2 text-sm leading-4 font-medium border border-transparent shadow-sm font-bold text-black bg-gradient-to-r from-yellow-400 to-yellow-500 hover:no-underline hover:from-yellow hover:to-yellow focus:from-orange-400 focus:to-orange-400 focus:outline-none focus:ring-2 focus:ring-offset-2 focus:ring-yellow-500 disabled:from-orange-200 disabled:to-orange-200 disabled:text-black-300 disabled:cursor-not-allowed rounded-md hover:no-underline cursor-pointer"
                  href="/deployments/3"
                >
                  View
                </a>
              </td>
            </tr>
          </tbody>
        </table>
      </div>
    </div>
  </div>
</div>
`;
